// Jest Snapshot v1, https://goo.gl/fbAQLP

exports[`cature poster component should renders correctly 1`] = `
<View
  style={
    Object {
      "flex": 1,
    }
  }
  testID="capturePosterView"
>
  <inject-inject-TopbarNew-with-wallet-with-user
    title="Poster"
  />
  <CaptureGallery
    header={
      <React.Fragment>
        <View
          style={
            Object {
              "backgroundColor": "#FFF",
              "flexDirection": "row",
              "minHeight": 100,
            }
          }
        >
          <AlternativeTextInput
            editable={true}
            multiline={true}
            onChangeText={[Function]}
            onSelectionChange={[Function]}
            placeholder="Speak your mind..."
            placeholderTextColor="#ccc"
            selectTextOnFocus={false}
            style={
              Object {
                "flex": 1,
                "padding": 12,
                "paddingTop": 24,
              }
            }
            testID="PostInput"
            underlineColorAndroid="transparent"
            value=""
          />
        </View>
        <React.Fragment>
          <CapturePosterFlags
            containerStyle={
              Array [
                Object {
                  "flexDirection": "row",
                  "justifyContent": "flex-end",
                },
              ]
            }
            hideShare={true}
            lockValue={null}
            matureValue={false}
            nsfwValue={Array []}
            onLocking={[Function]}
            onMature={[Function]}
            onNsfw={[Function]}
            onScheduled={[Function]}
            onShare={[Function]}
            shareValue={Object {}}
            timeCreatedValue={null}
          />
          <CaptureTab
            onSelectedMedia={[Function]}
          />
        </React.Fragment>
      </React.Fragment>
    }
    onSelected={[Function]}
  />
  <UserAutocomplete
    onSelect={[Function]}
    selection={
      Object {
        "end": 0,
        "start": 0,
      }
    }
    text=""
  />
</View>
`;
