// Jest Snapshot v1, https://goo.gl/fbAQLP

exports[`Boost action bar component renders correctly 1`] = `
<Component
  style={
    Object {
      "alignItems": "stretch",
      "display": "flex",
      "flexDirection": "row",
      "padding": 4,
    }
  }
>
  <Component />
  <Component />
  <Component
    key="bid"
    style={
      Object {
        "alignContent": "center",
        "alignItems": "center",
        "flex": 1,
        "flexDirection": "column",
        "justifyContent": "center",
      }
    }
  >
    <Icon
      color="rgb(96, 125, 139)"
      name="bank"
      raised={false}
      reverse={false}
      reverseColor="white"
      size={20}
      style={
        Object {
          "marginBottom": 4,
        }
      }
      type="material-community"
      underlayColor="white"
    />
    <Text
      accessible={true}
      allowFontScaling={true}
      ellipsizeMode="tail"
      style={
        Object {
          "fontSize": 11,
          "marginTop": 4,
        }
      }
    >
      $1.00
    </Text>
  </Component>
  <Component />
</Component>
`;
