// Jest Snapshot v1, https://goo.gl/fbAQLP

exports[`channel actions component should renders correctly 1`] = `
<View
  style={
    Object {
      "alignItems": "center",
      "backgroundColor": "#FFF",
      "flexDirection": "row",
      "height": 40,
      "justifyContent": "flex-end",
      "paddingLeft": 8,
      "width": 40,
    }
  }
>
  <View
    accessible={true}
    isTVSelectable={true}
    onResponderGrant={[Function]}
    onResponderMove={[Function]}
    onResponderRelease={[Function]}
    onResponderTerminate={[Function]}
    onResponderTerminationRequest={[Function]}
    onStartShouldSetResponder={[Function]}
    style={
      Object {
        "alignContent": "center",
        "alignItems": "center",
        "alignSelf": "center",
        "flex": 1,
        "justifyContent": "center",
        "opacity": 1,
      }
    }
  >
    <Text
      allowFontScaling={false}
      style={
        Array [
          Object {
            "color": "rgb(70, 144, 214)",
            "fontSize": 40,
          },
          undefined,
          Object {
            "fontFamily": "Ionicons",
            "fontStyle": "normal",
            "fontWeight": "normal",
          },
          Object {},
        ]
      }
    >
      
    </Text>
  </View>
  <Text
    allowFontScaling={false}
    onPress={[Function]}
    style={
      Array [
        Object {
          "color": undefined,
          "fontSize": 24,
        },
        Object {
          "color": "#888888",
          "paddingLeft": 10,
        },
        Object {
          "fontFamily": "Ionicons",
          "fontStyle": "normal",
          "fontWeight": "normal",
        },
        Object {},
      ]
    }
  >
    
  </Text>
</View>
`;
