// Jest Snapshot v1, https://goo.gl/fbAQLP

exports[`renders correctly 1`] = `
<View
  accessible={true}
  focusable={true}
  isTVSelectable={true}
  onClick={[Function]}
  onResponderGrant={[Function]}
  onResponderMove={[Function]}
  onResponderRelease={[Function]}
  onResponderTerminate={[Function]}
  onResponderTerminationRequest={[Function]}
  onStartShouldSetResponder={[Function]}
  style={
    Object {
      "flex": 1,
      "marginLeft": 8,
      "opacity": 1,
    }
  }
>
  <View
    style={
      Object {
        "flexDirection": "row",
        "flexWrap": "wrap",
      }
    }
  >
    <Text>
      <Text
        onPress={[Function]}
        style={
          Object {
            "fontWeight": "bold",
          }
        }
      >
        @
        someUser
      </Text>
       
      is offering
       
      <Text
        style={
          Object {
            "fontWeight": "bold",
          }
        }
      >
        0
         
        Tokens
         
        <Text>
          for
           
          <Text
            style={
              Object {
                "fontWeight": "600",
              }
            }
          >
            some title
          </Text>
        </Text>
      </Text>
    </Text>
  </View>
  <Text
    style={
      Object {
        "fontSize": 11,
      }
    }
  >
    Invalid date
  </Text>
</View>
`;
