// Jest Snapshot v1, https://goo.gl/fbAQLP

exports[`renders correctly 1`] = `
<View
  style={
    Object {
      "flexDirection": "row",
      "flexWrap": "wrap",
    }
  }
>
  <Text
    onPress={[Function]}
  >
    100
     views 
    <Text>
      <Text>
        for 
      </Text>
      <Text
        style={
          Object {
            "color": "#444",
            "fontWeight": "bold",
          }
        }
      >
        some title
      </Text>
    </Text>
     is awaiting approval
  </Text>
</View>
`;
