// Jest Snapshot v1, https://goo.gl/fbAQLP

exports[`renders correctly 1`] = `
<View
  style={
    Object {
      "flexDirection": "row",
      "flexWrap": "wrap",
    }
  }
>
  <Text>
    <Text
      style={
        Object {
          "color": "#444",
          "fontWeight": "bold",
        }
      }
    >
      someUser
    </Text>
     
    tried to call you.
  </Text>
</View>
`;
