// Jest Snapshot v1, https://goo.gl/fbAQLP

exports[`renders correctly 1`] = `
<View
  style={
    Object {
      "flexDirection": "row",
      "flexWrap": "wrap",
    }
  }
>
  <Text>
    [missing "en.notifications.welcomeChat" translation]
  </Text>
</View>
`;
