// Jest Snapshot v1, https://goo.gl/fbAQLP

exports[`renders correctly 1`] = `
<View
  accessible={true}
  focusable={true}
  isTVSelectable={true}
  onClick={[Function]}
  onResponderGrant={[Function]}
  onResponderMove={[Function]}
  onResponderRelease={[Function]}
  onResponderTerminate={[Function]}
  onResponderTerminationRequest={[Function]}
  onStartShouldSetResponder={[Function]}
  style={
    Object {
      "flex": 1,
      "marginLeft": 8,
      "opacity": 1,
    }
  }
>
  <View
    style={
      Object {
        "flexDirection": "row",
        "flexWrap": "wrap",
      }
    }
  >
    <Text>
      You can gain more reach by boosting your content. Hit the blue boost icon on your posts.
    </Text>
  </View>
  <Text
    style={
      Object {
        "fontSize": 11,
      }
    }
  >
    Invalid date
  </Text>
</View>
`;
