// Jest Snapshot v1, https://goo.gl/fbAQLP

exports[`channel header component owner should render correctly 1`] = `
<View>
  <View
    accessible={true}
    isTVSelectable={true}
    onResponderGrant={[Function]}
    onResponderMove={[Function]}
    onResponderRelease={[Function]}
    onResponderTerminate={[Function]}
    onResponderTerminationRequest={[Function]}
    onStartShouldSetResponder={[Function]}
    style={
      Object {
        "opacity": 1,
      }
    }
  >
    <View
      style={
        Array [
          Object {
            "overflow": "hidden",
          },
          undefined,
        ]
      }
    >
      <FastImageView
        resizeMode="cover"
        source={
          Object {
            "headers": Object {
              "App-Version": "3.8.1",
              "Cache-Control": "no-cache, no-store, must-revalidate",
              "Pragma": "no-cache",
            },
            "uri": "https://cdn.minds.com/fs/v1/banners/1/fat/1523515420",
          }
        }
        style={
          Object {
            "bottom": 0,
            "left": 0,
            "position": "absolute",
            "right": 0,
            "top": 0,
          }
        }
      />
    </View>
  </View>
  <View
    style={
      Array [
        Object {
          "alignItems": "center",
          "flexDirection": "row",
        },
        Object {
          "position": "absolute",
          "right": 5,
          "top": 160,
        },
      ]
    }
  >
    <Text
      allowFontScaling={false}
      style={
        Array [
          Object {
            "color": undefined,
            "fontSize": 25,
          },
          Object {
            "color": "#fff",
            "marginLeft": 5,
            "paddingBottom": 5,
            "shadowOpacity": 0.35,
            "textShadowColor": "#000000",
            "textShadowOffset": Object {
              "height": 1,
              "width": 1,
            },
            "textShadowRadius": 5,
          },
          Object {
            "fontFamily": "Material Icons",
            "fontStyle": "normal",
            "fontWeight": "normal",
          },
          Object {},
        ]
      }
    >
      
    </Text>
    <Text
      allowFontScaling={false}
      style={
        Array [
          Object {
            "color": undefined,
            "fontSize": 25,
          },
          Object {
            "color": "#fff",
            "marginLeft": 5,
            "paddingBottom": 5,
            "shadowOpacity": 0.35,
            "textShadowColor": "#000000",
            "textShadowOffset": Object {
              "height": 1,
              "width": 1,
            },
            "textShadowRadius": 5,
          },
          Object {
            "fontFamily": "Material Icons",
            "fontStyle": "normal",
            "fontWeight": "normal",
          },
          Object {},
        ]
      }
    >
      
    </Text>
  </View>
  <View>
    <View>
      <TouchableHighlight
        onPress={[Function]}
        style={
          Array [
            undefined,
          ]
        }
        underlayColor="transparent"
      >
        <View>
          <Text>
            SUBSCRIBERS
          </Text>
          <Text>
            50
          </Text>
        </View>
      </TouchableHighlight>
      <View>
        <Text>
          VIEWS
        </Text>
        <Text>
          100
        </Text>
      </View>
    </View>
    <View>
      <View>
        <View
          style={
            Object {
              "alignItems": "center",
              "flexDirection": "row",
            }
          }
        >
          <Text
            ellipsizeMode="tail"
            numberOfLines={1}
          >
            Some User
          </Text>
        </View>
        <Text>
          @
          someusermane
        </Text>
      </View>
      <View>
        <TouchableHighlight
          accessibilityLabel="Subscribe to this channel"
          onPress={[Function]}
          style={
            Array [
              Object {
                "borderColor": "#ececec",
                "borderRadius": 30,
                "borderWidth": 1,
                "padding": 8,
              },
              Object {
                "borderColor": "#4690D6",
              },
              undefined,
            ]
          }
          underlayColor="transparent"
        >
          <Text
            style={
              Object {
                "color": "#4690D6",
              }
            }
          >
             
            SUBSCRIBE
             
          </Text>
        </TouchableHighlight>
        <View
          style={
            Object {
              "alignItems": "center",
              "backgroundColor": "#FFF",
              "flexDirection": "row",
              "height": 40,
              "justifyContent": "flex-end",
              "paddingLeft": 8,
              "width": 40,
            }
          }
        >
          <Text
            allowFontScaling={false}
            onPress={[Function]}
            style={
              Array [
                Object {
                  "color": undefined,
                  "fontSize": 24,
                },
                Object {
                  "color": "#888888",
                  "paddingLeft": 10,
                },
                Object {
                  "fontFamily": "Ionicons",
                  "fontStyle": "normal",
                  "fontWeight": "normal",
                },
                Object {},
              ]
            }
          >
            
          </Text>
        </View>
      </View>
    </View>
    <View
      style={
        Object {
          "paddingTop": 10,
        }
      }
    >
      <Text
        selectable={true}
      />
    </View>
  </View>
  <View
    accessible={true}
    isTVSelectable={true}
    onResponderGrant={[Function]}
    onResponderMove={[Function]}
    onResponderRelease={[Function]}
    onResponderTerminate={[Function]}
    onResponderTerminationRequest={[Function]}
    onStartShouldSetResponder={[Function]}
    style={
      Object {
        "opacity": 1,
      }
    }
  >
    <Image />
  </View>
</View>
`;
