// Jest Snapshot v1, https://goo.gl/fbAQLP

exports[`Boost action component renders correctly 1`] = `
<View>
  <View
    accessible={true}
    focusable={true}
    isTVSelectable={true}
    onClick={[Function]}
    onResponderGrant={[Function]}
    onResponderMove={[Function]}
    onResponderRelease={[Function]}
    onResponderTerminate={[Function]}
    onResponderTerminationRequest={[Function]}
    onStartShouldSetResponder={[Function]}
    style={
      Array [
        undefined,
        undefined,
        undefined,
        undefined,
      ]
    }
  >
    <Text
      adjustsFontSizeToFit={true}
      numberOfLines={1}
      style={
        Array [
          Object {
            "fontFamily": "Roboto",
            "fontSize": 15,
            "letterSpacing": 1,
            "lineHeight": 21,
            "textAlignVertical": "center",
          },
          undefined,
        ]
      }
    >
      BOOST
    </Text>
  </View>
</View>
`;
