// Jest Snapshot v1, https://goo.gl/fbAQLP

exports[`Comment action component renders correctly 1`] = `
<preventDoubleTap(TouchableOpacity)
  onPress={[Function]}
  style={
    Array [
      undefined,
      undefined,
      undefined,
    ]
  }
>
  <Icon
    allowFontScaling={false}
    name="speaker-notes-off"
    size={20}
    style={
      Array [
        undefined,
        Object {
          "marginRight": 5,
        },
      ]
    }
  />
  <Counter
    size={14}
  />
</preventDoubleTap(TouchableOpacity)>
`;
