// Jest Snapshot v1, https://goo.gl/fbAQLP

exports[`Owner component renders correctly 1`] = `
<View
  style={
    Array [
      Object {
        "alignItems": "center",
        "flexDirection": "column",
      },
    ]
  }
>
  <Text
    style={
      Array [
        Object {
          "color": "rgb(96, 125, 139)",
        },
        Object {
          "fontSize": 15,
        },
      ]
    }
  >
    100
  </Text>
</View>
`;
