// Jest Snapshot v1, https://goo.gl/fbAQLP

exports[`Thumb action component renders correctly 1`] = `
<PreventDoubleTap
  onPress={[Function]}
  style={
    Array [
      Object {
        "flex": 1,
      },
      Object {
        "alignContent": "center",
        "alignItems": "center",
        "alignSelf": "center",
        "justifyContent": "center",
      },
      Object {
        "flexDirection": "row",
        "justifyContent": "center",
      },
    ]
  }
  testID="Thumb up activity button"
>
  <Icon
    allowFontScaling={false}
    name="thumb-up"
    size={20}
    style={
      Array [
        Object {
          "color": "rgb(96, 125, 139)",
        },
        Object {
          "marginRight": 5,
        },
      ]
    }
  />
  <Counter
    size={14}
    style={
      Object {
        "color": "rgb(96, 125, 139)",
      }
    }
    testID="Thumb up count"
  />
</PreventDoubleTap>
`;
