// Jest Snapshot v1, https://goo.gl/fbAQLP

exports[`blog card component should renders correctly 1`] = `
<View
  accessible={true}
  isTVSelectable={true}
  onResponderGrant={[Function]}
  onResponderMove={[Function]}
  onResponderRelease={[Function]}
  onResponderTerminate={[Function]}
  onResponderTerminationRequest={[Function]}
  onStartShouldSetResponder={[Function]}
  style={
    Object {
      "backgroundColor": "#FFF",
      "flex": 1,
      "flexDirection": "column",
      "opacity": 1,
    }
  }
>
  <View
    style={
      Array [
        Object {
          "overflow": "hidden",
        },
        Object {
          "alignItems": "stretch",
          "flexDirection": "row",
          "height": 150,
          "width": "100%",
        },
      ]
    }
  >
    <FastImageView
      resizeMode="cover"
      source={
        Object {
          "headers": Object {
            "App-Version": "3.7.0-rc2",
            "Cache-Control": "no-cache, no-store, must-revalidate",
            "Pragma": "no-cache",
          },
          "uri": "https://www.minds.com/fs/v1/banners/836607056186159104/1524838665",
        }
      }
      style={
        Object {
          "bottom": 0,
          "left": 0,
          "position": "absolute",
          "right": 0,
          "top": 0,
        }
      }
    />
  </View>
  <View
    style={
      Object {
        "alignItems": "stretch",
        "flexDirection": "column",
        "padding": 12,
        "paddingLeft": 12,
        "paddingRight": 12,
        "width": "100%",
      }
    }
  >
    <View
      style={
        Object {
          "flex": 1,
          "flexDirection": "row",
        }
      }
    >
      <View
        style={
          Object {
            "flex": 1,
          }
        }
      >
        <Text
          style={
            Object {
              "color": "#444",
              "fontFamily": "Roboto",
              "fontSize": 16,
              "fontWeight": "800",
              "letterSpacing": 0.5,
            }
          }
        >
          Some Title
        </Text>
        <View
          style={
            Object {
              "alignItems": "center",
              "alignSelf": "flex-start",
              "flex": 1,
              "flexDirection": "row",
              "justifyContent": "center",
              "paddingBottom": 4,
              "paddingTop": 4,
            }
          }
        >
          <View
            height={24}
            style={
              Array [
                Object {
                  "backgroundColor": "transparent",
                  "height": 24,
                  "paddingBottom": 10,
                  "paddingRight": 10,
                  "paddingTop": 10,
                  "width": 24,
                },
                Object {
                  "borderRadius": 12,
                },
                undefined,
              ]
            }
            width={24}
          >
            <View
              style={
                Array [
                  Object {
                    "alignItems": "center",
                    "alignSelf": "stretch",
                    "backgroundColor": "rgba(0,0,0,0.2)",
                    "bottom": 0,
                    "flex": 1,
                    "justifyContent": "center",
                    "left": 0,
                    "position": "absolute",
                    "right": 0,
                    "top": 0,
                  },
                  Object {
                    "borderRadius": 12,
                  },
                  undefined,
                ]
              }
            />
          </View>
          <Text
            style={
              Object {
                "color": "#888",
                "fontSize": 10,
                "paddingLeft": 8,
              }
            }
          >
            SOMEUSERMANE
          </Text>
          <Text
            style={
              Object {
                "fontSize": 8,
                "paddingLeft": 5,
              }
            }
          >
            Apr 27, 2018, 07:17
          </Text>
        </View>
      </View>
    </View>
  </View>
</View>
`;
