// Jest Snapshot v1, https://goo.gl/fbAQLP

exports[`blog view screen component should renders correctly 1`] = `
<View
  style={
    Array [
      Object {
        "flex": 1,
      },
      Object {
        "backgroundColor": "white",
      },
    ]
  }
>
  <CommentList
    entity={
      BlogModel {
        "access_id": "2",
        "boost_rejection_reason": -1,
        "categories": Array [],
        "category": "education",
        "container_guid": "100",
        "custom_meta": Object {
          "author": "",
          "description": "",
          "title": "",
        },
        "description": "Some Blog",
        "draft_access_id": "0",
        "excerpt": "Some description",
        "featured": false,
        "featured_id": false,
        "guid": "1",
        "header_bg": "1",
        "header_top": "0",
        "last_save": "1524843907",
        "last_updated": "1524838665",
        "license": "attribution-noncommercial-cc",
        "mature": false,
        "monetized": false,
        "ownerObj": UserModel {
          "access_id": "2",
          "banned": "no",
          "blocked": undefined,
          "boostProPlus": false,
          "boost_autorotate": true,
          "boost_rating": "2",
          "briefdescription": "",
          "categories": Array [
            "music",
            "nature",
            "news",
            "politics",
            "science",
            "technology",
            "education",
            "art",
            "health",
          ],
          "chat": true,
          "city": "",
          "container_guid": "0",
          "deleted": "0",
          "disabled_boost": false,
          "dob": "",
          "eth_wallet": "0x6fffffdadae350ddd5a1777d5a1777a4f39f0317",
          "fb": false,
          "feature_flags": false,
          "featured_id": "725165605782560768",
          "founder": false,
          "gender": "private",
          "getAvatarSource": [MockFunction],
          "guid": 100,
          "icontime": "1523515420",
          "language": "en",
          "legacy_guid": false,
          "mature": "1",
          "mature_channel": "0",
          "mature_visibility": false,
          "merchant": Object {
            "exclusive": Object {
              "amount": "10",
              "enabled": true,
            },
            "id": "acct_Dsdfjdlsaf34243",
            "service": "stripe",
          },
          "monetized": "",
          "name": "Some User",
          "owner_guid": "0",
          "pinned_posts": Array [],
          "plus": true,
          "programs": Array [
            "affiliate",
          ],
          "rating": "1",
          "rewards": true,
          "signup_method": false,
          "site_guid": false,
          "social_profiles": Array [],
          "spam": "0",
          "subscribed": false,
          "subscriber": true,
          "subtype": false,
          "time_created": "1468113204",
          "time_updated": false,
          "type": "user",
          "username": "someusermane",
          "verified": true,
          "website": "",
          "wire_rewards": Object {
            "description": "",
            "rewards": Object {
              "money": Array [],
              "points": Array [],
            },
          },
        },
        "owner_guid": "1",
        "paywall": false,
        "perma_url": "https://www.minds.com/blog/view/836607056186159104",
        "published": true,
        "rating": 1,
        "reminds": 58,
        "route": "blog/view/836607056186159104",
        "slug": "",
        "subtype": "blog",
        "thumbnail_src": "https://www.minds.com/fs/v1/banners/836607056186159104/1524838665",
        "thumbs:down:count": 1,
        "thumbs:down:user_guids": Array [
          "3",
        ],
        "thumbs:up:count": 2,
        "thumbs:up:user_guids": Array [
          "1",
          "2",
        ],
        "time_created": "1524838665",
        "time_published": "1524838665",
        "time_updated": "1524862542",
        "title": "Some Title",
        "type": "object",
        "wire_threshold": "",
      }
    }
    header={
      <View
        style={
          Object {
            "backgroundColor": "#FFF",
            "flex": 1,
          }
        }
      >
        <ForwardRef
          resizeMode="cover"
          source={
            Object {
              "headers": Object {
                "App-Version": "3.7.0-rc1",
                "Cache-Control": "no-cache, no-store, must-revalidate",
                "Pragma": "no-cache",
              },
              "uri": "https://www.minds.com/fs/v1/banners/836607056186159104/1524838665",
            }
          }
          style={
            Object {
              "height": 200,
            }
          }
        />
        <Text
          style={
            Object {
              "color": "#444",
              "fontFamily": "Roboto",
              "fontSize": 22,
              "fontWeight": "800",
              "paddingBottom": 8,
              "paddingLeft": 12,
              "paddingRight": 12,
              "paddingTop": 12,
            }
          }
        >
          Some Title
        </Text>
        <View
          style={
            Object {
              "margin": 8,
            }
          }
        >
          <OwnerBlock
            entity={
              BlogModel {
                "access_id": "2",
                "boost_rejection_reason": -1,
                "categories": Array [],
                "category": "education",
                "container_guid": "100",
                "custom_meta": Object {
                  "author": "",
                  "description": "",
                  "title": "",
                },
                "description": "Some Blog",
                "draft_access_id": "0",
                "excerpt": "Some description",
                "featured": false,
                "featured_id": false,
                "guid": "1",
                "header_bg": "1",
                "header_top": "0",
                "last_save": "1524843907",
                "last_updated": "1524838665",
                "license": "attribution-noncommercial-cc",
                "mature": false,
                "monetized": false,
                "ownerObj": UserModel {
                  "access_id": "2",
                  "banned": "no",
                  "blocked": undefined,
                  "boostProPlus": false,
                  "boost_autorotate": true,
                  "boost_rating": "2",
                  "briefdescription": "",
                  "categories": Array [
                    "music",
                    "nature",
                    "news",
                    "politics",
                    "science",
                    "technology",
                    "education",
                    "art",
                    "health",
                  ],
                  "chat": true,
                  "city": "",
                  "container_guid": "0",
                  "deleted": "0",
                  "disabled_boost": false,
                  "dob": "",
                  "eth_wallet": "0x6fffffdadae350ddd5a1777d5a1777a4f39f0317",
                  "fb": false,
                  "feature_flags": false,
                  "featured_id": "725165605782560768",
                  "founder": false,
                  "gender": "private",
                  "getAvatarSource": [MockFunction],
                  "guid": 100,
                  "icontime": "1523515420",
                  "language": "en",
                  "legacy_guid": false,
                  "mature": "1",
                  "mature_channel": "0",
                  "mature_visibility": false,
                  "merchant": Object {
                    "exclusive": Object {
                      "amount": "10",
                      "enabled": true,
                    },
                    "id": "acct_Dsdfjdlsaf34243",
                    "service": "stripe",
                  },
                  "monetized": "",
                  "name": "Some User",
                  "owner_guid": "0",
                  "pinned_posts": Array [],
                  "plus": true,
                  "programs": Array [
                    "affiliate",
                  ],
                  "rating": "1",
                  "rewards": true,
                  "signup_method": false,
                  "site_guid": false,
                  "social_profiles": Array [],
                  "spam": "0",
                  "subscribed": false,
                  "subscriber": true,
                  "subtype": false,
                  "time_created": "1468113204",
                  "time_updated": false,
                  "type": "user",
                  "username": "someusermane",
                  "verified": true,
                  "website": "",
                  "wire_rewards": Object {
                    "description": "",
                    "rewards": Object {
                      "money": Array [],
                      "points": Array [],
                    },
                  },
                },
                "owner_guid": "1",
                "paywall": false,
                "perma_url": "https://www.minds.com/blog/view/836607056186159104",
                "published": true,
                "rating": 1,
                "reminds": 58,
                "route": "blog/view/836607056186159104",
                "slug": "",
                "subtype": "blog",
                "thumbnail_src": "https://www.minds.com/fs/v1/banners/836607056186159104/1524838665",
                "thumbs:down:count": 1,
                "thumbs:down:user_guids": Array [
                  "3",
                ],
                "thumbs:up:count": 2,
                "thumbs:up:user_guids": Array [
                  "1",
                  "2",
                ],
                "time_created": "1524838665",
                "time_published": "1524838665",
                "time_updated": "1524862542",
                "title": "Some Title",
                "type": "object",
                "wire_threshold": "",
              }
            }
            navigation={
              Object {
                "state": Object {
                  "params": Object {
                    "guid": 1,
                  },
                },
              }
            }
            rightToolbar={
              <View
                style={
                  Array [
                    Object {
                      "flex": 1,
                    },
                    Object {
                      "paddingLeft": 10,
                    },
                  ]
                }
              >
                <View
                  style={
                    Object {
                      "alignItems": "center",
                      "display": "flex",
                      "flexDirection": "row",
                      "padding": 4,
                    }
                  }
                >
                  <RemindAction
                    entity={
                      BlogModel {
                        "access_id": "2",
                        "boost_rejection_reason": -1,
                        "categories": Array [],
                        "category": "education",
                        "container_guid": "100",
                        "custom_meta": Object {
                          "author": "",
                          "description": "",
                          "title": "",
                        },
                        "description": "Some Blog",
                        "draft_access_id": "0",
                        "excerpt": "Some description",
                        "featured": false,
                        "featured_id": false,
                        "guid": "1",
                        "header_bg": "1",
                        "header_top": "0",
                        "last_save": "1524843907",
                        "last_updated": "1524838665",
                        "license": "attribution-noncommercial-cc",
                        "mature": false,
                        "monetized": false,
                        "ownerObj": UserModel {
                          "access_id": "2",
                          "banned": "no",
                          "blocked": undefined,
                          "boostProPlus": false,
                          "boost_autorotate": true,
                          "boost_rating": "2",
                          "briefdescription": "",
                          "categories": Array [
                            "music",
                            "nature",
                            "news",
                            "politics",
                            "science",
                            "technology",
                            "education",
                            "art",
                            "health",
                          ],
                          "chat": true,
                          "city": "",
                          "container_guid": "0",
                          "deleted": "0",
                          "disabled_boost": false,
                          "dob": "",
                          "eth_wallet": "0x6fffffdadae350ddd5a1777d5a1777a4f39f0317",
                          "fb": false,
                          "feature_flags": false,
                          "featured_id": "725165605782560768",
                          "founder": false,
                          "gender": "private",
                          "getAvatarSource": [MockFunction],
                          "guid": 100,
                          "icontime": "1523515420",
                          "language": "en",
                          "legacy_guid": false,
                          "mature": "1",
                          "mature_channel": "0",
                          "mature_visibility": false,
                          "merchant": Object {
                            "exclusive": Object {
                              "amount": "10",
                              "enabled": true,
                            },
                            "id": "acct_Dsdfjdlsaf34243",
                            "service": "stripe",
                          },
                          "monetized": "",
                          "name": "Some User",
                          "owner_guid": "0",
                          "pinned_posts": Array [],
                          "plus": true,
                          "programs": Array [
                            "affiliate",
                          ],
                          "rating": "1",
                          "rewards": true,
                          "signup_method": false,
                          "site_guid": false,
                          "social_profiles": Array [],
                          "spam": "0",
                          "subscribed": false,
                          "subscriber": true,
                          "subtype": false,
                          "time_created": "1468113204",
                          "time_updated": false,
                          "type": "user",
                          "username": "someusermane",
                          "verified": true,
                          "website": "",
                          "wire_rewards": Object {
                            "description": "",
                            "rewards": Object {
                              "money": Array [],
                              "points": Array [],
                            },
                          },
                        },
                        "owner_guid": "1",
                        "paywall": false,
                        "perma_url": "https://www.minds.com/blog/view/836607056186159104",
                        "published": true,
                        "rating": 1,
                        "reminds": 58,
                        "route": "blog/view/836607056186159104",
                        "slug": "",
                        "subtype": "blog",
                        "thumbnail_src": "https://www.minds.com/fs/v1/banners/836607056186159104/1524838665",
                        "thumbs:down:count": 1,
                        "thumbs:down:user_guids": Array [
                          "3",
                        ],
                        "thumbs:up:count": 2,
                        "thumbs:up:user_guids": Array [
                          "1",
                          "2",
                        ],
                        "time_created": "1524838665",
                        "time_published": "1524838665",
                        "time_updated": "1524862542",
                        "title": "Some Title",
                        "type": "object",
                        "wire_threshold": "",
                      }
                    }
                    navigation={
                      Object {
                        "state": Object {
                          "params": Object {
                            "guid": 1,
                          },
                        },
                      }
                    }
                    size={16}
                  />
                  <ThumbUpAction
                    entity={
                      BlogModel {
                        "access_id": "2",
                        "boost_rejection_reason": -1,
                        "categories": Array [],
                        "category": "education",
                        "container_guid": "100",
                        "custom_meta": Object {
                          "author": "",
                          "description": "",
                          "title": "",
                        },
                        "description": "Some Blog",
                        "draft_access_id": "0",
                        "excerpt": "Some description",
                        "featured": false,
                        "featured_id": false,
                        "guid": "1",
                        "header_bg": "1",
                        "header_top": "0",
                        "last_save": "1524843907",
                        "last_updated": "1524838665",
                        "license": "attribution-noncommercial-cc",
                        "mature": false,
                        "monetized": false,
                        "ownerObj": UserModel {
                          "access_id": "2",
                          "banned": "no",
                          "blocked": undefined,
                          "boostProPlus": false,
                          "boost_autorotate": true,
                          "boost_rating": "2",
                          "briefdescription": "",
                          "categories": Array [
                            "music",
                            "nature",
                            "news",
                            "politics",
                            "science",
                            "technology",
                            "education",
                            "art",
                            "health",
                          ],
                          "chat": true,
                          "city": "",
                          "container_guid": "0",
                          "deleted": "0",
                          "disabled_boost": false,
                          "dob": "",
                          "eth_wallet": "0x6fffffdadae350ddd5a1777d5a1777a4f39f0317",
                          "fb": false,
                          "feature_flags": false,
                          "featured_id": "725165605782560768",
                          "founder": false,
                          "gender": "private",
                          "getAvatarSource": [MockFunction],
                          "guid": 100,
                          "icontime": "1523515420",
                          "language": "en",
                          "legacy_guid": false,
                          "mature": "1",
                          "mature_channel": "0",
                          "mature_visibility": false,
                          "merchant": Object {
                            "exclusive": Object {
                              "amount": "10",
                              "enabled": true,
                            },
                            "id": "acct_Dsdfjdlsaf34243",
                            "service": "stripe",
                          },
                          "monetized": "",
                          "name": "Some User",
                          "owner_guid": "0",
                          "pinned_posts": Array [],
                          "plus": true,
                          "programs": Array [
                            "affiliate",
                          ],
                          "rating": "1",
                          "rewards": true,
                          "signup_method": false,
                          "site_guid": false,
                          "social_profiles": Array [],
                          "spam": "0",
                          "subscribed": false,
                          "subscriber": true,
                          "subtype": false,
                          "time_created": "1468113204",
                          "time_updated": false,
                          "type": "user",
                          "username": "someusermane",
                          "verified": true,
                          "website": "",
                          "wire_rewards": Object {
                            "description": "",
                            "rewards": Object {
                              "money": Array [],
                              "points": Array [],
                            },
                          },
                        },
                        "owner_guid": "1",
                        "paywall": false,
                        "perma_url": "https://www.minds.com/blog/view/836607056186159104",
                        "published": true,
                        "rating": 1,
                        "reminds": 58,
                        "route": "blog/view/836607056186159104",
                        "slug": "",
                        "subtype": "blog",
                        "thumbnail_src": "https://www.minds.com/fs/v1/banners/836607056186159104/1524838665",
                        "thumbs:down:count": 1,
                        "thumbs:down:user_guids": Array [
                          "3",
                        ],
                        "thumbs:up:count": 2,
                        "thumbs:up:user_guids": Array [
                          "1",
                          "2",
                        ],
                        "time_created": "1524838665",
                        "time_published": "1524838665",
                        "time_updated": "1524862542",
                        "title": "Some Title",
                        "type": "object",
                        "wire_threshold": "",
                      }
                    }
                    me={
                      Object {
                        "guid": "guidguid",
                      }
                    }
                    orientation="column"
                    size={16}
                  />
                  <ThumbDownAction
                    entity={
                      BlogModel {
                        "access_id": "2",
                        "boost_rejection_reason": -1,
                        "categories": Array [],
                        "category": "education",
                        "container_guid": "100",
                        "custom_meta": Object {
                          "author": "",
                          "description": "",
                          "title": "",
                        },
                        "description": "Some Blog",
                        "draft_access_id": "0",
                        "excerpt": "Some description",
                        "featured": false,
                        "featured_id": false,
                        "guid": "1",
                        "header_bg": "1",
                        "header_top": "0",
                        "last_save": "1524843907",
                        "last_updated": "1524838665",
                        "license": "attribution-noncommercial-cc",
                        "mature": false,
                        "monetized": false,
                        "ownerObj": UserModel {
                          "access_id": "2",
                          "banned": "no",
                          "blocked": undefined,
                          "boostProPlus": false,
                          "boost_autorotate": true,
                          "boost_rating": "2",
                          "briefdescription": "",
                          "categories": Array [
                            "music",
                            "nature",
                            "news",
                            "politics",
                            "science",
                            "technology",
                            "education",
                            "art",
                            "health",
                          ],
                          "chat": true,
                          "city": "",
                          "container_guid": "0",
                          "deleted": "0",
                          "disabled_boost": false,
                          "dob": "",
                          "eth_wallet": "0x6fffffdadae350ddd5a1777d5a1777a4f39f0317",
                          "fb": false,
                          "feature_flags": false,
                          "featured_id": "725165605782560768",
                          "founder": false,
                          "gender": "private",
                          "getAvatarSource": [MockFunction],
                          "guid": 100,
                          "icontime": "1523515420",
                          "language": "en",
                          "legacy_guid": false,
                          "mature": "1",
                          "mature_channel": "0",
                          "mature_visibility": false,
                          "merchant": Object {
                            "exclusive": Object {
                              "amount": "10",
                              "enabled": true,
                            },
                            "id": "acct_Dsdfjdlsaf34243",
                            "service": "stripe",
                          },
                          "monetized": "",
                          "name": "Some User",
                          "owner_guid": "0",
                          "pinned_posts": Array [],
                          "plus": true,
                          "programs": Array [
                            "affiliate",
                          ],
                          "rating": "1",
                          "rewards": true,
                          "signup_method": false,
                          "site_guid": false,
                          "social_profiles": Array [],
                          "spam": "0",
                          "subscribed": false,
                          "subscriber": true,
                          "subtype": false,
                          "time_created": "1468113204",
                          "time_updated": false,
                          "type": "user",
                          "username": "someusermane",
                          "verified": true,
                          "website": "",
                          "wire_rewards": Object {
                            "description": "",
                            "rewards": Object {
                              "money": Array [],
                              "points": Array [],
                            },
                          },
                        },
                        "owner_guid": "1",
                        "paywall": false,
                        "perma_url": "https://www.minds.com/blog/view/836607056186159104",
                        "published": true,
                        "rating": 1,
                        "reminds": 58,
                        "route": "blog/view/836607056186159104",
                        "slug": "",
                        "subtype": "blog",
                        "thumbnail_src": "https://www.minds.com/fs/v1/banners/836607056186159104/1524838665",
                        "thumbs:down:count": 1,
                        "thumbs:down:user_guids": Array [
                          "3",
                        ],
                        "thumbs:up:count": 2,
                        "thumbs:up:user_guids": Array [
                          "1",
                          "2",
                        ],
                        "time_created": "1524838665",
                        "time_published": "1524838665",
                        "time_updated": "1524862542",
                        "title": "Some Title",
                        "type": "object",
                        "wire_threshold": "",
                      }
                    }
                    me={
                      Object {
                        "guid": "guidguid",
                      }
                    }
                    orientation="column"
                    size={16}
                  />
                </View>
              </View>
            }
          >
            <Text
              style={
                Object {
                  "color": "#888",
                  "fontSize": 11,
                }
              }
            >
              Apr 27, 2018, 07:17
            </Text>
          </OwnerBlock>
        </View>
        <View
          style={
            Object {
              "paddingBottom": 12,
              "paddingLeft": 12,
              "paddingRight": 12,
            }
          }
        >
          <BlogViewHTML
            html="Some Blog"
          />
        </View>
        <View
          style={
            Object {
              "flexDirection": "row",
              "padding": 12,
            }
          }
        >
          <Icon
            color="#b0bec5"
            name="public"
            onPress={[Function]}
            raised={false}
            reverse={false}
            reverseColor="white"
            size={18}
            underlayColor="white"
          />
          <Text
            style={
              Array [
                Object {
                  "fontSize": 10,
                },
                Object {
                  "paddingLeft": 5,
                },
                Object {
                  "color": "#b0bec5",
                },
                Object {
                  "paddingRight": 10,
                },
              ]
            }
          >
            Attribution-NonCommerical CC BY-NC
          </Text>
          <Icon
            color="#4690D6"
            name="share"
            onPress={[Function]}
            raised={false}
            reverse={false}
            reverseColor="white"
            size={20}
            underlayColor="white"
          />
        </View>
        <SafeAreaView
          style={
            Object {
              "left": 0,
              "position": "absolute",
              "top": 0,
            }
          }
        >
          <Icon
            color="#4690D6"
            name="arrow-back"
            onPress={[Function]}
            raised={true}
            reverse={false}
            reverseColor="white"
            size={22}
            underlayColor="white"
          />
        </SafeAreaView>
      </View>
    }
    navigation={
      Object {
        "state": Object {
          "params": Object {
            "guid": 1,
          },
        },
      }
    }
    store={
      CommentsStore {
        "attachment": AttachmentStore {
          "guid": "",
          "tempIosVideo": "",
        },
        "embed": RichEmbedStore {
          "_richEmbedFetchTimer": null,
          "clearRichEmbedAction": [Function],
          "richEmbedUrl": "",
          "setRichEmbedPromise": null,
        },
        "entity": null,
        "focusedUrn": null,
        "guid": "",
        "level": 0,
        "loadNext": "",
        "loadPrevious": "",
        "onAttachedMedia": [Function],
        "parent": null,
        "reversed": true,
        "selectMediaType": [Function],
        "socketRoomName": "",
      }
    }
  />
</View>
`;
