// Jest Snapshot v1, https://goo.gl/fbAQLP

exports[`Owner component renders correctly 1`] = `
<View
  style={
    Array [
      Object {
        "flexDirection": "row",
        "justifyContent": "center",
      },
    ]
  }
>
  <View
    style={
      Array [
        Object {
          "flexDirection": "row",
          "justifyContent": "center",
        },
        Object {
          "alignItems": "center",
        },
      ]
    }
  >
    <Text
      style={
        Array [
          Object {
            "color": "#777",
            "fontSize": 11,
          },
        ]
      }
    >
       · 
    </Text>
    <Text
      style={
        Object {
          "color": "#777",
          "fontSize": 11,
        }
      }
    >
      2e-17
    </Text>
    <Text
      style={
        Object {
          "color": "#777",
          "fontSize": 11,
        }
      }
    >
      TKN
       
    </Text>
  </View>
  <View
    style={
      Array [
        Object {
          "flexDirection": "row",
          "justifyContent": "center",
        },
        Object {
          "alignItems": "center",
        },
      ]
    }
  >
    <Text
      style={
        Array [
          Object {
            "color": "#777",
            "fontSize": 11,
          },
        ]
      }
    >
       · 
    </Text>
    <Text
      style={
        Object {
          "color": "#777",
          "fontSize": 11,
        }
      }
    >
      20
    </Text>
    <Text
      style={
        Object {
          "color": "#777",
          "fontSize": 11,
        }
      }
    >
      VIEWS
       
    </Text>
  </View>
</View>
`;
