// Jest Snapshot v1, https://goo.gl/fbAQLP

exports[`Activity component renders correctly 1`] = `
<View
  style={
    Array [
      Object {
        "overflow": "visible",
      },
      Object {
        "borderBottomColor": "#CCC",
        "borderBottomWidth": 0.5,
      },
    ]
  }
>
  <Pinned
    entity={
      ActivityModel {
        "__list": null,
        "allow_comments": true,
        "attachment_guid": false,
        "blurb": false,
        "comments:count": undefined,
        "container_guid": "activityguid0",
        "custom_data": false,
        "custom_type": false,
        "description": "Congratulations! ",
        "edited": "",
        "getThumbSource": [Function],
        "guid": "activityguid0",
        "is_visible": true,
        "mature": false,
        "mature_visibility": false,
        "message": "Message",
        "ownerObj": UserModel {
          "__list": null,
          "getAvatarSource": [Function],
          "guid": "824853017709780997",
          "subtype": false,
          "time_created": "1522036284",
          "type": "user",
        },
        "owner_guid": "824853017709780997",
        "parent_guid": "838106762591510528",
        "paywall": undefined,
        "perma_url": false,
        "pinned": undefined,
        "rowKey": "something0",
        "shouldBeBlured": [MockFunction] {
          "calls": Array [
            Array [],
          ],
          "results": Array [
            Object {
              "type": "return",
              "value": undefined,
            },
          ],
        },
        "thumbnail_src": false,
        "thumbs:down:count": undefined,
        "thumbs:down:user_guids": undefined,
        "thumbs:up:count": undefined,
        "thumbs:up:user_guids": undefined,
        "title": "TITLE",
        "type": "activity",
        "wire_totals": Object {
          "tokens": 1000000000000000000,
        },
      }
    }
  />
  <OwnerBlock
    entity={
      ActivityModel {
        "__list": null,
        "allow_comments": true,
        "attachment_guid": false,
        "blurb": false,
        "comments:count": undefined,
        "container_guid": "activityguid0",
        "custom_data": false,
        "custom_type": false,
        "description": "Congratulations! ",
        "edited": "",
        "getThumbSource": [Function],
        "guid": "activityguid0",
        "is_visible": true,
        "mature": false,
        "mature_visibility": false,
        "message": "Message",
        "ownerObj": UserModel {
          "__list": null,
          "getAvatarSource": [Function],
          "guid": "824853017709780997",
          "subtype": false,
          "time_created": "1522036284",
          "type": "user",
        },
        "owner_guid": "824853017709780997",
        "parent_guid": "838106762591510528",
        "paywall": undefined,
        "perma_url": false,
        "pinned": undefined,
        "rowKey": "something0",
        "shouldBeBlured": [MockFunction] {
          "calls": Array [
            Array [],
          ],
          "results": Array [
            Object {
              "type": "return",
              "value": undefined,
            },
          ],
        },
        "thumbnail_src": false,
        "thumbs:down:count": undefined,
        "thumbs:down:user_guids": undefined,
        "thumbs:up:count": undefined,
        "thumbs:up:user_guids": undefined,
        "title": "TITLE",
        "type": "activity",
        "wire_totals": Object {
          "tokens": 1000000000000000000,
        },
      }
    }
    navigation={
      Object {
        "navigate": [MockFunction],
        "push": [MockFunction],
      }
    }
    rightToolbar={
      <View
        style={
          Object {
            "alignSelf": "flex-end",
            "position": "absolute",
            "right": 10,
            "top": 6,
          }
        }
      >
        <ActivityActionSheet
          entity={
            ActivityModel {
              "__list": null,
              "allow_comments": true,
              "attachment_guid": false,
              "blurb": false,
              "comments:count": undefined,
              "container_guid": "activityguid0",
              "custom_data": false,
              "custom_type": false,
              "description": "Congratulations! ",
              "edited": "",
              "getThumbSource": [Function],
              "guid": "activityguid0",
              "is_visible": true,
              "mature": false,
              "mature_visibility": false,
              "message": "Message",
              "ownerObj": UserModel {
                "__list": null,
                "getAvatarSource": [Function],
                "guid": "824853017709780997",
                "subtype": false,
                "time_created": "1522036284",
                "type": "user",
              },
              "owner_guid": "824853017709780997",
              "parent_guid": "838106762591510528",
              "paywall": undefined,
              "perma_url": false,
              "pinned": undefined,
              "rowKey": "something0",
              "shouldBeBlured": [MockFunction] {
                "calls": Array [
                  Array [],
                ],
                "results": Array [
                  Object {
                    "type": "return",
                    "value": undefined,
                  },
                ],
              },
              "thumbnail_src": false,
              "thumbs:down:count": undefined,
              "thumbs:down:user_guids": undefined,
              "thumbs:up:count": undefined,
              "thumbs:up:user_guids": undefined,
              "title": "TITLE",
              "type": "activity",
              "wire_totals": Object {
                "tokens": 1000000000000000000,
              },
            }
          }
          navigation={
            Object {
              "navigate": [MockFunction],
              "push": [MockFunction],
            }
          }
          onTranslate={[Function]}
          toggleEdit={[Function]}
        />
      </View>
    }
  >
    <TouchableOpacity
      activeOpacity={0.2}
      onPress={[Function]}
      style={
        Object {
          "flexDirection": "row",
        }
      }
    >
      <Text
        style={
          Array [
            Object {
              "color": "#888",
              "fontSize": 11,
            },
            Object {
              "paddingRight": 5,
            },
          ]
        }
      >
        Invalid date
      </Text>
    </TouchableOpacity>
  </OwnerBlock>
  <View
    style={
      Object {
        "padding": 8,
      }
    }
  >
    <ExplicitText
      entity={
        ActivityModel {
          "__list": null,
          "allow_comments": true,
          "attachment_guid": false,
          "blurb": false,
          "comments:count": undefined,
          "container_guid": "activityguid0",
          "custom_data": false,
          "custom_type": false,
          "description": "Congratulations! ",
          "edited": "",
          "getThumbSource": [Function],
          "guid": "activityguid0",
          "is_visible": true,
          "mature": false,
          "mature_visibility": false,
          "message": "Message",
          "ownerObj": UserModel {
            "__list": null,
            "getAvatarSource": [Function],
            "guid": "824853017709780997",
            "subtype": false,
            "time_created": "1522036284",
            "type": "user",
          },
          "owner_guid": "824853017709780997",
          "parent_guid": "838106762591510528",
          "paywall": undefined,
          "perma_url": false,
          "pinned": undefined,
          "rowKey": "something0",
          "shouldBeBlured": [MockFunction] {
            "calls": Array [
              Array [],
            ],
            "results": Array [
              Object {
                "type": "return",
                "value": undefined,
              },
            ],
          },
          "thumbnail_src": false,
          "thumbs:down:count": undefined,
          "thumbs:down:user_guids": undefined,
          "thumbs:up:count": undefined,
          "thumbs:up:user_guids": undefined,
          "title": "TITLE",
          "type": "activity",
          "wire_totals": Object {
            "tokens": 1000000000000000000,
          },
        }
      }
      navigation={
        Object {
          "navigate": [MockFunction],
          "push": [MockFunction],
        }
      }
      style={
        Object {
          "fontFamily": "Roboto",
        }
      }
    />
    <Translate
      entity={
        ActivityModel {
          "__list": null,
          "allow_comments": true,
          "attachment_guid": false,
          "blurb": false,
          "comments:count": undefined,
          "container_guid": "activityguid0",
          "custom_data": false,
          "custom_type": false,
          "description": "Congratulations! ",
          "edited": "",
          "getThumbSource": [Function],
          "guid": "activityguid0",
          "is_visible": true,
          "mature": false,
          "mature_visibility": false,
          "message": "Message",
          "ownerObj": UserModel {
            "__list": null,
            "getAvatarSource": [Function],
            "guid": "824853017709780997",
            "subtype": false,
            "time_created": "1522036284",
            "type": "user",
          },
          "owner_guid": "824853017709780997",
          "parent_guid": "838106762591510528",
          "paywall": undefined,
          "perma_url": false,
          "pinned": undefined,
          "rowKey": "something0",
          "shouldBeBlured": [MockFunction] {
            "calls": Array [
              Array [],
            ],
            "results": Array [
              Object {
                "type": "return",
                "value": undefined,
              },
            ],
          },
          "thumbnail_src": false,
          "thumbs:down:count": undefined,
          "thumbs:down:user_guids": undefined,
          "thumbs:up:count": undefined,
          "thumbs:up:user_guids": undefined,
          "title": "TITLE",
          "type": "activity",
          "wire_totals": Object {
            "tokens": 1000000000000000000,
          },
        }
      }
      style={
        Object {
          "fontFamily": "Roboto",
        }
      }
    />
  </View>
  <View>
    <MediaView
      entity={
        ActivityModel {
          "__list": null,
          "allow_comments": true,
          "attachment_guid": false,
          "blurb": false,
          "comments:count": undefined,
          "container_guid": "activityguid0",
          "custom_data": false,
          "custom_type": false,
          "description": "Congratulations! ",
          "edited": "",
          "getThumbSource": [Function],
          "guid": "activityguid0",
          "is_visible": true,
          "mature": false,
          "mature_visibility": false,
          "message": "Message",
          "ownerObj": UserModel {
            "__list": null,
            "getAvatarSource": [Function],
            "guid": "824853017709780997",
            "subtype": false,
            "time_created": "1522036284",
            "type": "user",
          },
          "owner_guid": "824853017709780997",
          "parent_guid": "838106762591510528",
          "paywall": undefined,
          "perma_url": false,
          "pinned": undefined,
          "rowKey": "something0",
          "shouldBeBlured": [MockFunction] {
            "calls": Array [
              Array [],
            ],
            "results": Array [
              Object {
                "type": "return",
                "value": undefined,
              },
            ],
          },
          "thumbnail_src": false,
          "thumbs:down:count": undefined,
          "thumbs:down:user_guids": undefined,
          "thumbs:up:count": undefined,
          "thumbs:up:user_guids": undefined,
          "title": "TITLE",
          "type": "activity",
          "wire_totals": Object {
            "tokens": 1000000000000000000,
          },
        }
      }
      navigation={
        Object {
          "navigate": [MockFunction],
          "push": [MockFunction],
        }
      }
      style={
        Object {
          "flex": 1,
        }
      }
      width={750}
    />
  </View>
  <Actions
    entity={
      ActivityModel {
        "__list": null,
        "allow_comments": true,
        "attachment_guid": false,
        "blurb": false,
        "comments:count": undefined,
        "container_guid": "activityguid0",
        "custom_data": false,
        "custom_type": false,
        "description": "Congratulations! ",
        "edited": "",
        "getThumbSource": [Function],
        "guid": "activityguid0",
        "is_visible": true,
        "mature": false,
        "mature_visibility": false,
        "message": "Message",
        "ownerObj": UserModel {
          "__list": null,
          "getAvatarSource": [Function],
          "guid": "824853017709780997",
          "subtype": false,
          "time_created": "1522036284",
          "type": "user",
        },
        "owner_guid": "824853017709780997",
        "parent_guid": "838106762591510528",
        "paywall": undefined,
        "perma_url": false,
        "pinned": undefined,
        "rowKey": "something0",
        "shouldBeBlured": [MockFunction] {
          "calls": Array [
            Array [],
          ],
          "results": Array [
            Object {
              "type": "return",
              "value": undefined,
            },
          ],
        },
        "thumbnail_src": false,
        "thumbs:down:count": undefined,
        "thumbs:down:user_guids": undefined,
        "thumbs:up:count": undefined,
        "thumbs:up:user_guids": undefined,
        "title": "TITLE",
        "type": "activity",
        "wire_totals": Object {
          "tokens": 1000000000000000000,
        },
      }
    }
    navigation={
      Object {
        "navigate": [MockFunction],
        "push": [MockFunction],
      }
    }
  />
  <ActivityMetrics
    entity={
      ActivityModel {
        "__list": null,
        "allow_comments": true,
        "attachment_guid": false,
        "blurb": false,
        "comments:count": undefined,
        "container_guid": "activityguid0",
        "custom_data": false,
        "custom_type": false,
        "description": "Congratulations! ",
        "edited": "",
        "getThumbSource": [Function],
        "guid": "activityguid0",
        "is_visible": true,
        "mature": false,
        "mature_visibility": false,
        "message": "Message",
        "ownerObj": UserModel {
          "__list": null,
          "getAvatarSource": [Function],
          "guid": "824853017709780997",
          "subtype": false,
          "time_created": "1522036284",
          "type": "user",
        },
        "owner_guid": "824853017709780997",
        "parent_guid": "838106762591510528",
        "paywall": undefined,
        "perma_url": false,
        "pinned": undefined,
        "rowKey": "something0",
        "shouldBeBlured": [MockFunction] {
          "calls": Array [
            Array [],
          ],
          "results": Array [
            Object {
              "type": "return",
              "value": undefined,
            },
          ],
        },
        "thumbnail_src": false,
        "thumbs:down:count": undefined,
        "thumbs:down:user_guids": undefined,
        "thumbs:up:count": undefined,
        "thumbs:up:user_guids": undefined,
        "title": "TITLE",
        "type": "activity",
        "wire_totals": Object {
          "tokens": 1000000000000000000,
        },
      }
    }
  />
</View>
`;
