// Jest Snapshot v1, https://goo.gl/fbAQLP

exports[`Activity component renders correctly 1`] = `
<View
  style={
    Object {
      "flex": 1,
    }
  }
>
  <View
    style={
      Object {
        "alignItems": "center",
        "display": "flex",
        "flexDirection": "row",
        "padding": 4,
        "paddingBottom": 8,
        "paddingTop": 8,
      }
    }
  >
    <ThumbUpAction
      entity={
        Object {
          "_list": Object {
            "viewed": Object {
              "addViewed": [Function],
              "viewed": Map {
                "1019155171608096768" => true,
              },
            },
          },
          "attachment_guid": false,
          "blurb": false,
          "container_guid": "activityguid0",
          "custom_data": false,
          "custom_type": false,
          "description": "Congratulations! ",
          "edited": "",
          "getThumbSource": [Function],
          "guid": "activityguid0",
          "mature": false,
          "message": "Message",
          "ownerObj": Object {
            "getAvatarSource": [Function],
            "guid": "824853017709780997",
            "subtype": false,
            "time_created": "1522036284",
            "type": "user",
          },
          "owner_guid": "824853017709780997",
          "parent_guid": "838106762591510528",
          "perma_url": false,
          "rowKey": "something0",
          "shouldBeBlured": [MockFunction],
          "thumbnail_src": false,
          "time_created": "1522036284",
          "title": "TITLE",
          "type": "activity",
          "wire_totals": Object {
            "tokens": 1000000000000000000,
          },
        }
      }
      me={
        Object {
          "guid": "guidguid",
        }
      }
    />
    <ThumbDownAction
      entity={
        Object {
          "_list": Object {
            "viewed": Object {
              "addViewed": [Function],
              "viewed": Map {
                "1019155171608096768" => true,
              },
            },
          },
          "attachment_guid": false,
          "blurb": false,
          "container_guid": "activityguid0",
          "custom_data": false,
          "custom_type": false,
          "description": "Congratulations! ",
          "edited": "",
          "getThumbSource": [Function],
          "guid": "activityguid0",
          "mature": false,
          "message": "Message",
          "ownerObj": Object {
            "getAvatarSource": [Function],
            "guid": "824853017709780997",
            "subtype": false,
            "time_created": "1522036284",
            "type": "user",
          },
          "owner_guid": "824853017709780997",
          "parent_guid": "838106762591510528",
          "perma_url": false,
          "rowKey": "something0",
          "shouldBeBlured": [MockFunction],
          "thumbnail_src": false,
          "time_created": "1522036284",
          "title": "TITLE",
          "type": "activity",
          "wire_totals": Object {
            "tokens": 1000000000000000000,
          },
        }
      }
      me={
        Object {
          "guid": "guidguid",
        }
      }
    />
    <WireAction
      owner={
        Object {
          "getAvatarSource": [Function],
          "guid": "824853017709780997",
          "subtype": false,
          "time_created": "1522036284",
          "type": "user",
        }
      }
    />
    <CommentsAction
      entity={
        Object {
          "_list": Object {
            "viewed": Object {
              "addViewed": [Function],
              "viewed": Map {
                "1019155171608096768" => true,
              },
            },
          },
          "attachment_guid": false,
          "blurb": false,
          "container_guid": "activityguid0",
          "custom_data": false,
          "custom_type": false,
          "description": "Congratulations! ",
          "edited": "",
          "getThumbSource": [Function],
          "guid": "activityguid0",
          "mature": false,
          "message": "Message",
          "ownerObj": Object {
            "getAvatarSource": [Function],
            "guid": "824853017709780997",
            "subtype": false,
            "time_created": "1522036284",
            "type": "user",
          },
          "owner_guid": "824853017709780997",
          "parent_guid": "838106762591510528",
          "perma_url": false,
          "rowKey": "something0",
          "shouldBeBlured": [MockFunction],
          "thumbnail_src": false,
          "time_created": "1522036284",
          "title": "TITLE",
          "type": "activity",
          "wire_totals": Object {
            "tokens": 1000000000000000000,
          },
        }
      }
    />
    <RemindAction
      entity={
        Object {
          "_list": Object {
            "viewed": Object {
              "addViewed": [Function],
              "viewed": Map {
                "1019155171608096768" => true,
              },
            },
          },
          "attachment_guid": false,
          "blurb": false,
          "container_guid": "activityguid0",
          "custom_data": false,
          "custom_type": false,
          "description": "Congratulations! ",
          "edited": "",
          "getThumbSource": [Function],
          "guid": "activityguid0",
          "mature": false,
          "message": "Message",
          "ownerObj": Object {
            "getAvatarSource": [Function],
            "guid": "824853017709780997",
            "subtype": false,
            "time_created": "1522036284",
            "type": "user",
          },
          "owner_guid": "824853017709780997",
          "parent_guid": "838106762591510528",
          "perma_url": false,
          "rowKey": "something0",
          "shouldBeBlured": [MockFunction],
          "thumbnail_src": false,
          "time_created": "1522036284",
          "title": "TITLE",
          "type": "activity",
          "wire_totals": Object {
            "tokens": 1000000000000000000,
          },
        }
      }
    />
  </View>
</View>
`;
