// Jest Snapshot v1, https://goo.gl/fbAQLP

exports[`Owner component renders correctly 1`] = `
<View
  style={
    Object {
      "alignItems": "center",
      "display": "flex",
      "flexDirection": "row",
      "padding": 8,
    }
  }
>
  <PreventDoubleTap
    onPress={[Function]}
  >
    <FastImage
      resizeMode="cover"
      source={
        Object {
          "headers": Object {
            "App-Version": "3.8.0",
            "Cache-Control": "no-cache, no-store, must-revalidate",
            "Pragma": "no-cache",
          },
          "uri": "https://cdn.minds.com/icon/824853017709780997/medium/undefined",
        }
      }
      style={
        Object {
          "borderColor": "#EEE",
          "borderRadius": 23,
          "borderWidth": 0.5,
          "height": 46,
          "width": 46,
        }
      }
    />
  </PreventDoubleTap>
  <View
    style={
      Object {
        "flex": 1,
        "flexWrap": "wrap",
        "marginLeft": 8,
        "paddingRight": 36,
      }
    }
  >
    <View
      style={
        Object {
          "flexDirection": "row",
        }
      }
    >
      <PreventDoubleTap
        onPress={[Function]}
      >
        <Text
          style={
            Array [
              Object {
                "color": "#444",
                "fontFamily": "Roboto",
                "fontWeight": "bold",
              },
              undefined,
            ]
          }
        />
      </PreventDoubleTap>
      <PreventDoubleTap
        onPress={[Function]}
        style={
          Object {
            "flex": 1,
            "marginLeft": 4,
          }
        }
      >
        <Text
          lineBreakMode="tail"
          numberOfLines={1}
          style={
            Array [
              Object {
                "fontFamily": "Roboto",
                "fontWeight": "bold",
              },
              undefined,
            ]
          }
        >
          &gt; 
          group
        </Text>
      </PreventDoubleTap>
    </View>
  </View>
</View>
`;
