// Jest Snapshot v1, https://goo.gl/fbAQLP

exports[`ForgotScreen component should renders correctly 1`] = `
<View
  onLayout={[Function]}
  style={
    Array [
      Object {
        "flex": 1,
      },
      Object {
        "paddingBottom": 0,
      },
    ]
  }
>
  <VideoBackground />
  <View
    style={
      Array [
        Object {
          "flex": 1,
          "justifyContent": "center",
        },
        Object {
          "padding": 10,
        },
      ]
    }
  >
    <View
      style={
        Object {
          "opacity": 0,
          "transform": Array [
            Object {
              "scale": 0.3,
            },
          ],
        }
      }
    >
      <Image
        resizeMode="contain"
        source={1}
        style={
          Object {
            "alignSelf": "center",
            "height": 100,
            "marginBottom": 30,
            "width": 200,
          }
        }
      />
    </View>
    <View
      style={
        Object {
          "opacity": 0,
          "transform": Array [
            Object {
              "translateY": 100,
            },
          ],
        }
      }
    >
      <View
        onLayout={[Function]}
        style={
          Object {
            "paddingBottom": 0,
          }
        }
      >
        <Text
          style={
            Array [
              Object {
                "color": "white",
              },
              Object {
                "fontSize": 14,
              },
            ]
          }
        >
          To request a new password, enter your username
        </Text>
        <TextInput
          allowFontScaling={true}
          autoCapitalize="none"
          onChangeText={[Function]}
          placeholder="Username"
          placeholderTextColor="white"
          returnKeyType="done"
          style={
            Array [
              Object {
                "backgroundColor": "#f8f8f8",
                "borderRadius": 4,
                "color": "#444",
                "fontSize": 16,
                "fontWeight": "600",
                "height": 50,
                "letterSpacing": 2,
                "padding": 15,
              },
              Object {
                "marginTop": 10,
              },
            ]
          }
          underlineColorAndroid="transparent"
          value=""
        />
        <View
          style={
            Array [
              Object {
                "flexDirection": "row",
                "justifyContent": "flex-end",
              },
              Object {
                "marginTop": 10,
              },
            ]
          }
        >
          <View
            style={
              Array [
                Object {
                  "marginLeft": 15,
                  "marginRight": 15,
                },
                undefined,
                Object {
                  "backgroundColor": "transparent",
                  "borderColor": "#FFF",
                  "borderWidth": 1,
                  "marginLeft": 10,
                  "marginRight": 0,
                },
                Object {
                  "borderRadius": 4,
                },
              ]
            }
          >
            <View
              accessible={true}
              isTVSelectable={true}
              onResponderGrant={[Function]}
              onResponderMove={[Function]}
              onResponderRelease={[Function]}
              onResponderTerminate={[Function]}
              onResponderTerminationRequest={[Function]}
              onStartShouldSetResponder={[Function]}
              style={null}
            >
              <View
                pointerEvents="box-only"
                style={
                  Array [
                    Object {
                      "alignItems": "center",
                      "backgroundColor": "#9E9E9E",
                      "flexDirection": "row",
                      "justifyContent": "center",
                      "padding": 19,
                    },
                    undefined,
                    undefined,
                    undefined,
                    undefined,
                    undefined,
                    Object {
                      "backgroundColor": "rgba(0,0,0, 0.5)",
                    },
                    Object {
                      "borderRadius": 4,
                    },
                    Object {
                      "padding": 12,
                    },
                    undefined,
                    undefined,
                    undefined,
                    undefined,
                    undefined,
                    undefined,
                  ]
                }
              >
                <Text
                  style={
                    Array [
                      Object {},
                      undefined,
                      undefined,
                      undefined,
                      undefined,
                      undefined,
                      undefined,
                      undefined,
                      undefined,
                      undefined,
                      Array [
                        Object {
                          "color": "white",
                          "fontSize": 20,
                        },
                        undefined,
                        Object {
                          "fontSize": 17.5,
                        },
                        undefined,
                        Object {
                          "fontWeight": "600",
                          "letterSpacing": 1.25,
                        },
                        undefined,
                        undefined,
                        undefined,
                      ],
                    ]
                  }
                >
                  GO BACK
                </Text>
              </View>
            </View>
          </View>
          <View
            style={
              Array [
                Object {
                  "marginLeft": 15,
                  "marginRight": 15,
                },
                undefined,
                Object {
                  "backgroundColor": "transparent",
                  "borderColor": "#FFF",
                  "borderWidth": 1,
                  "marginLeft": 10,
                  "marginRight": 0,
                },
                Object {
                  "borderRadius": 4,
                },
              ]
            }
          >
            <View
              accessible={true}
              isTVSelectable={true}
              onResponderGrant={[Function]}
              onResponderMove={[Function]}
              onResponderRelease={[Function]}
              onResponderTerminate={[Function]}
              onResponderTerminationRequest={[Function]}
              onStartShouldSetResponder={[Function]}
              style={null}
            >
              <View
                pointerEvents="box-only"
                style={
                  Array [
                    Object {
                      "alignItems": "center",
                      "backgroundColor": "#9E9E9E",
                      "flexDirection": "row",
                      "justifyContent": "center",
                      "padding": 19,
                    },
                    undefined,
                    undefined,
                    undefined,
                    undefined,
                    undefined,
                    Object {
                      "backgroundColor": "rgba(0,0,0, 0.5)",
                    },
                    Object {
                      "borderRadius": 4,
                    },
                    Object {
                      "padding": 12,
                    },
                    undefined,
                    undefined,
                    undefined,
                    undefined,
                    undefined,
                    undefined,
                  ]
                }
              >
                <Text
                  style={
                    Array [
                      Object {},
                      undefined,
                      undefined,
                      undefined,
                      undefined,
                      undefined,
                      undefined,
                      undefined,
                      undefined,
                      undefined,
                      Array [
                        Object {
                          "color": "white",
                          "fontSize": 20,
                        },
                        undefined,
                        Object {
                          "fontSize": 17.5,
                        },
                        undefined,
                        Object {
                          "fontWeight": "600",
                          "letterSpacing": 1.25,
                        },
                        undefined,
                        undefined,
                        undefined,
                      ],
                    ]
                  }
                >
                  CONTINUE
                </Text>
              </View>
            </View>
          </View>
        </View>
      </View>
    </View>
  </View>
</View>
`;
