// Jest Snapshot v1, https://goo.gl/fbAQLP

exports[`RegisterForm component should renders correctly 1`] = `
<RCTScrollView>
  <View>
    <View>
      <Text
        style={
          Object {
            "color": "#F00",
            "paddingLeft": 4,
            "paddingTop": 4,
            "textAlign": "center",
          }
        }
      />
    </View>
    <TextInput
      allowFontScaling={true}
      autoCapitalize="none"
      editable={true}
      onChangeText={[Function]}
      placeholder="Username"
      placeholderTextColor="#444"
      returnKeyType="done"
      style={
        Array [
          Object {
            "backgroundColor": "#f8f8f8",
            "borderRadius": 4,
            "color": "#444",
            "fontSize": 16,
            "fontWeight": "600",
            "height": 50,
            "letterSpacing": 2,
            "padding": 15,
          },
          Object {
            "marginTop": 10,
          },
        ]
      }
      underlineColorAndroid="transparent"
      value=""
    />
    <TextInput
      allowFontScaling={true}
      autoCapitalize="none"
      editable={true}
      onChangeText={[Function]}
      placeholder="Email"
      placeholderTextColor="#444"
      returnKeyType="done"
      style={
        Array [
          Object {
            "backgroundColor": "#f8f8f8",
            "borderRadius": 4,
            "color": "#444",
            "fontSize": 16,
            "fontWeight": "600",
            "height": 50,
            "letterSpacing": 2,
            "padding": 15,
          },
          Object {
            "marginTop": 10,
          },
        ]
      }
      underlineColorAndroid="transparent"
      value=""
    />
    <TextInput
      allowFontScaling={true}
      autoCapitalize="none"
      editable={true}
      onChangeText={[Function]}
      placeholder="Password"
      placeholderTextColor="#444"
      returnKeyType="done"
      secureTextEntry={true}
      style={
        Array [
          Object {
            "backgroundColor": "#f8f8f8",
            "borderRadius": 4,
            "color": "#444",
            "fontSize": 16,
            "fontWeight": "600",
            "height": 50,
            "letterSpacing": 2,
            "padding": 15,
          },
          Object {
            "marginTop": 10,
          },
        ]
      }
      underlineColorAndroid="transparent"
      value=""
    />
    <View
      accessible={true}
      isTVSelectable={true}
      onResponderGrant={[Function]}
      onResponderMove={[Function]}
      onResponderRelease={[Function]}
      onResponderTerminate={[Function]}
      onResponderTerminationRequest={[Function]}
      onStartShouldSetResponder={[Function]}
      style={
        Object {
          "alignSelf": "flex-end",
          "backgroundColor": "transparent",
          "borderColor": "#ededed",
          "borderRadius": 3,
          "borderWidth": 0,
          "margin": 5,
          "marginLeft": 10,
          "marginRight": 0,
          "opacity": 1,
          "padding": 10,
        }
      }
    >
      <View
        style={
          Array [
            Object {
              "alignItems": "center",
              "flexDirection": "row",
            },
            Object {
              "justifyContent": "flex-end",
            },
            false,
          ]
        }
      >
        <Text
          style={
            Array [
              Object {
                "color": "white",
                "paddingRight": 8,
              },
              Object {
                "textAlign": "right",
              },
            ]
          }
        >
          Receive exclusive promotions from Minds
(recommended)
        </Text>
        <Text
          allowFontScaling={false}
          style={
            Array [
              Object {
                "color": "#bfbfbf",
                "fontSize": 24,
              },
              undefined,
              Object {
                "fontFamily": "FontAwesome",
                "fontStyle": "normal",
                "fontWeight": "normal",
              },
              Object {},
            ]
          }
        >
          
        </Text>
      </View>
    </View>
    <View
      accessible={true}
      isTVSelectable={true}
      onResponderGrant={[Function]}
      onResponderMove={[Function]}
      onResponderRelease={[Function]}
      onResponderTerminate={[Function]}
      onResponderTerminationRequest={[Function]}
      onStartShouldSetResponder={[Function]}
      style={
        Object {
          "alignSelf": "flex-end",
          "backgroundColor": "transparent",
          "borderColor": "#ededed",
          "borderRadius": 3,
          "borderWidth": 0,
          "margin": 5,
          "marginLeft": 10,
          "marginRight": 0,
          "opacity": 1,
          "padding": 10,
        }
      }
    >
      <View
        style={
          Array [
            Object {
              "alignItems": "center",
              "flexDirection": "row",
            },
            Object {
              "justifyContent": "flex-end",
            },
            false,
          ]
        }
      >
        <Text
          style={
            Object {
              "color": "white",
              "paddingRight": 8,
            }
          }
        >
          I accept the 
          <Text
            onPress={[Function]}
            style={
              Object {
                "fontWeight": "bold",
              }
            }
          >
            terms and conditions
          </Text>
        </Text>
        <Text
          allowFontScaling={false}
          style={
            Array [
              Object {
                "color": "#bfbfbf",
                "fontSize": 24,
              },
              undefined,
              Object {
                "fontFamily": "FontAwesome",
                "fontStyle": "normal",
                "fontWeight": "normal",
              },
              Object {},
            ]
          }
        >
          
        </Text>
      </View>
    </View>
    <View
      style={
        Array [
          Object {
            "flexDirection": "row",
            "justifyContent": "flex-end",
          },
          Object {
            "marginTop": 10,
          },
        ]
      }
    >
      <View
        style={
          Array [
            Object {
              "marginLeft": 15,
              "marginRight": 15,
            },
            undefined,
            Object {
              "backgroundColor": "transparent",
              "borderColor": "#FFF",
              "borderWidth": 1,
              "marginLeft": 10,
              "marginRight": 0,
            },
            Object {
              "borderRadius": 30,
            },
          ]
        }
      >
        <View
          accessible={true}
          isTVSelectable={true}
          onResponderGrant={[Function]}
          onResponderMove={[Function]}
          onResponderRelease={[Function]}
          onResponderTerminate={[Function]}
          onResponderTerminationRequest={[Function]}
          onStartShouldSetResponder={[Function]}
          style={null}
        >
          <View
            pointerEvents="box-only"
            style={
              Array [
                Object {
                  "alignItems": "center",
                  "backgroundColor": "#9E9E9E",
                  "flexDirection": "row",
                  "justifyContent": "center",
                  "padding": 19,
                },
                undefined,
                undefined,
                undefined,
                undefined,
                undefined,
                Object {
                  "backgroundColor": "transparent",
                },
                Object {
                  "borderRadius": 30,
                },
                Object {
                  "padding": 12,
                },
                undefined,
                undefined,
                undefined,
                undefined,
                false,
                false,
              ]
            }
          >
            <Text
              style={
                Array [
                  Object {},
                  undefined,
                  undefined,
                  undefined,
                  undefined,
                  undefined,
                  undefined,
                  undefined,
                  undefined,
                  undefined,
                  Array [
                    Object {
                      "color": "white",
                      "fontSize": 20,
                    },
                    undefined,
                    Object {
                      "fontSize": 17.5,
                    },
                    undefined,
                    Object {
                      "fontWeight": "600",
                      "letterSpacing": 1.25,
                    },
                    undefined,
                    undefined,
                    false,
                  ],
                ]
              }
            >
              GO BACK
            </Text>
          </View>
        </View>
      </View>
      <View
        style={
          Array [
            Object {
              "marginLeft": 15,
              "marginRight": 15,
            },
            undefined,
            Object {
              "backgroundColor": "transparent",
              "borderColor": "#FFF",
              "borderWidth": 1,
              "marginLeft": 10,
              "marginRight": 0,
            },
            Object {
              "borderRadius": 30,
            },
          ]
        }
      >
        <View
          accessible={true}
          isTVSelectable={true}
          onResponderGrant={[Function]}
          onResponderMove={[Function]}
          onResponderRelease={[Function]}
          onResponderTerminate={[Function]}
          onResponderTerminationRequest={[Function]}
          onStartShouldSetResponder={[Function]}
          style={null}
        >
          <View
            pointerEvents="box-only"
            style={
              Array [
                Object {
                  "alignItems": "center",
                  "backgroundColor": "#9E9E9E",
                  "flexDirection": "row",
                  "justifyContent": "center",
                  "padding": 19,
                },
                undefined,
                undefined,
                undefined,
                undefined,
                undefined,
                Object {
                  "backgroundColor": "transparent",
                },
                Object {
                  "borderRadius": 30,
                },
                Object {
                  "padding": 12,
                },
                undefined,
                undefined,
                undefined,
                undefined,
                false,
                false,
              ]
            }
          >
            <Text
              style={
                Array [
                  Object {},
                  undefined,
                  undefined,
                  undefined,
                  undefined,
                  undefined,
                  undefined,
                  undefined,
                  undefined,
                  undefined,
                  Array [
                    Object {
                      "color": "white",
                      "fontSize": 20,
                    },
                    undefined,
                    Object {
                      "fontSize": 17.5,
                    },
                    undefined,
                    Object {
                      "fontWeight": "600",
                      "letterSpacing": 1.25,
                    },
                    undefined,
                    undefined,
                    false,
                  ],
                ]
              }
            >
              CREATE A CHANNEL
            </Text>
          </View>
        </View>
      </View>
    </View>
  </View>
</RCTScrollView>
`;
