// Jest Snapshot v1, https://goo.gl/fbAQLP

exports[`RegisterScreen component should renders correctly 1`] = `
<View
  style={
    Array [
      Object {
        "flex": 1,
        "justifyContent": "center",
      },
      Object {
        "padding": 10,
      },
    ]
  }
>
  <VideoBackground />
  <View
    style={
      Object {
        "opacity": 0,
        "transform": Array [
          Object {
            "scale": 0.3,
          },
        ],
      }
    }
  >
    <View>
      <RegisterForm
        onBack={[Function]}
        onRegister={[Function]}
      />
    </View>
  </View>
</View>
`;
