// Jest Snapshot v1, https://goo.gl/fbAQLP

exports[`RegisterFormNew component should renders correctly 1`] = `
<View
  style={
    Array [
      Object {
        "flex": 1,
        "justifyContent": "center",
      },
    ]
  }
>
  <View
    style={
      Array [
        Object {
          "flex": 10,
          "flexDirection": "row",
          "justifyContent": "center",
          "paddingBottom": 10,
          "paddingHorizontal": 20,
          "paddingTop": 20,
        },
        Object {
          "backgroundColor": "#F5F5F5",
        },
      ]
    }
  >
    <RCTScrollView
      style={
        Array [
          Object {
            "flex": 1,
          },
          Object {
            "marginTop": 10,
          },
        ]
      }
    >
      <View>
        <View
          style={
            Object {
              "marginBottom": 15,
            }
          }
        >
          <View
            accessible={true}
            focusable={false}
            isTVSelectable={true}
            onClick={[Function]}
            onResponderGrant={[Function]}
            onResponderMove={[Function]}
            onResponderRelease={[Function]}
            onResponderTerminate={[Function]}
            onResponderTerminationRequest={[Function]}
            onStartShouldSetResponder={[Function]}
            style={
              Object {
                "opacity": 1,
              }
            }
          >
            <Text
              allowFontScaling={false}
              style={
                Array [
                  Object {
                    "color": undefined,
                    "fontSize": 34,
                  },
                  Object {
                    "color": "#939397",
                  },
                  Object {
                    "fontFamily": "Material Icons",
                    "fontStyle": "normal",
                    "fontWeight": "normal",
                  },
                  Object {},
                ]
              }
            >
              îŒ”
            </Text>
          </View>
        </View>
        <View
          style={
            Array [
              Object {
                "marginBottom": 15,
              },
              Object {
                "alignContent": "center",
                "alignItems": "center",
                "alignSelf": "center",
                "justifyContent": "center",
              },
            ]
          }
        >
          <Text
            style={
              Array [
                Object {
                  "fontFamily": "Roboto",
                  "fontSize": 28,
                  "fontWeight": "bold",
                  "lineHeight": 44,
                },
                Object {
                  "color": "#4F4F50",
                },
              ]
            }
          >
            Join the Revolution
          </Text>
        </View>
        <View>
          <Text
            style={
              Object {
                "color": "#F00",
                "paddingLeft": 4,
                "paddingTop": 4,
                "textAlign": "center",
              }
            }
          />
        </View>
        <View
          style={
            Array [
              Object {
                "flex": 1,
              },
              Object {
                "marginBottom": 10,
              },
            ]
          }
        >
          <View
            style={
              Array [
                Object {
                  "flexDirection": "row",
                  "justifyContent": "space-between",
                },
                Object {
                  "marginBottom": 5,
                },
              ]
            }
          >
            <View
              style={
                Object {
                  "flexDirection": "row",
                  "justifyContent": "space-between",
                }
              }
            >
              <Text
                style={
                  Array [
                    Object {
                      "color": "#AEB0B8",
                      "fontFamily": "Roboto",
                      "fontSize": 14,
                    },
                  ]
                }
              >
                Username
              </Text>
            </View>
          </View>
          <TextInput
            allowFontScaling={true}
            autoCapitalize="none"
            editable={true}
            onChangeText={[Function]}
            placeholder=""
            placeholderTextColor="#444"
            rejectResponderTermination={true}
            returnKeyType="done"
            style={
              Array [
                Object {
                  "backgroundColor": "transparent",
                  "borderColor": "#D8D8D8",
                  "borderRadius": 2,
                  "borderWidth": 1,
                  "color": "#4F4F50",
                  "fontFamily": "Roboto",
                  "fontSize": 16,
                  "height": 50,
                  "lineHeight": 21,
                  "padding": 10,
                },
                undefined,
              ]
            }
            testID="registerUsernameInput"
            underlineColorAndroid="transparent"
            value=""
          />
        </View>
        <View
          style={
            Array [
              Object {
                "flex": 1,
              },
              Object {
                "marginBottom": 10,
              },
            ]
          }
        >
          <View
            style={
              Array [
                Object {
                  "flexDirection": "row",
                  "justifyContent": "space-between",
                },
                Object {
                  "marginBottom": 5,
                },
              ]
            }
          >
            <View
              style={
                Object {
                  "flexDirection": "row",
                  "justifyContent": "space-between",
                }
              }
            >
              <Text
                style={
                  Array [
                    Object {
                      "color": "#AEB0B8",
                      "fontFamily": "Roboto",
                      "fontSize": 14,
                    },
                  ]
                }
              >
                Email
              </Text>
            </View>
          </View>
          <TextInput
            allowFontScaling={true}
            autoCapitalize="none"
            editable={true}
            onChangeText={[Function]}
            placeholder=""
            placeholderTextColor="#444"
            rejectResponderTermination={true}
            returnKeyType="done"
            style={
              Array [
                Object {
                  "backgroundColor": "transparent",
                  "borderColor": "#D8D8D8",
                  "borderRadius": 2,
                  "borderWidth": 1,
                  "color": "#4F4F50",
                  "fontFamily": "Roboto",
                  "fontSize": 16,
                  "height": 50,
                  "lineHeight": 21,
                  "padding": 10,
                },
                undefined,
              ]
            }
            testID="registerEmailInput"
            underlineColorAndroid="transparent"
            value=""
          />
        </View>
        <View
          style={
            Array [
              Object {
                "flex": 1,
              },
              Object {
                "marginBottom": 10,
              },
            ]
          }
        >
          <View
            style={
              Array [
                Object {
                  "flexDirection": "row",
                  "justifyContent": "space-between",
                },
                Object {
                  "marginBottom": 5,
                },
              ]
            }
          >
            <View
              style={
                Object {
                  "flexDirection": "row",
                  "justifyContent": "space-between",
                }
              }
            >
              <Text
                style={
                  Array [
                    Object {
                      "color": "#AEB0B8",
                      "fontFamily": "Roboto",
                      "fontSize": 14,
                    },
                  ]
                }
              >
                Password
              </Text>
            </View>
          </View>
          <TextInput
            allowFontScaling={true}
            autoCapitalize="none"
            editable={true}
            onChangeText={[Function]}
            placeholder=""
            placeholderTextColor="#444"
            rejectResponderTermination={true}
            returnKeyType="done"
            secureTextEntry={true}
            style={
              Array [
                Object {
                  "backgroundColor": "transparent",
                  "borderColor": "#D8D8D8",
                  "borderRadius": 2,
                  "borderWidth": 1,
                  "color": "#4F4F50",
                  "fontFamily": "Roboto",
                  "fontSize": 16,
                  "height": 50,
                  "lineHeight": 21,
                  "padding": 10,
                },
                undefined,
              ]
            }
            testID="registerPasswordInput"
            underlineColorAndroid="transparent"
            value=""
          />
        </View>
        <View
          accessible={true}
          focusable={true}
          isTVSelectable={true}
          onClick={[Function]}
          onResponderGrant={[Function]}
          onResponderMove={[Function]}
          onResponderRelease={[Function]}
          onResponderTerminate={[Function]}
          onResponderTerminationRequest={[Function]}
          onStartShouldSetResponder={[Function]}
          style={
            Object {
              "alignSelf": "flex-start",
              "backgroundColor": "transparent",
              "borderColor": "#ededed",
              "borderRadius": 3,
              "borderWidth": 0,
              "margin": 5,
              "marginLeft": 10,
              "marginRight": 10,
              "marginTop": 15,
              "opacity": 1,
              "padding": 10,
            }
          }
          testID="checkbox"
        >
          <View
            style={
              Object {
                "alignItems": "center",
                "flexDirection": "row",
              }
            }
          >
            <Text
              allowFontScaling={false}
              style={
                Array [
                  Object {
                    "color": "#bfbfbf",
                    "fontSize": 24,
                  },
                  Object {
                    "minWidth": 24,
                  },
                  Object {
                    "fontFamily": "FontAwesome",
                    "fontStyle": "normal",
                    "fontWeight": "normal",
                  },
                  Object {},
                ]
              }
            >
              ï‚–
            </Text>
            <Text
              style={
                Object {
                  "color": "#AEB0B8",
                  "fontSize": 16,
                  "paddingLeft": 10,
                }
              }
            >
              I have read and accept the
               
              <Text
                onPress={[Function]}
                style={
                  Object {
                    "color": "#0091FF",
                    "fontSize": 15,
                    "textDecorationLine": "underline",
                  }
                }
              >
                terms of use
              </Text>
            </Text>
          </View>
        </View>
      </View>
    </RCTScrollView>
  </View>
  <View
    style={
      Array [
        Object {
          "flex": 2,
          "flexDirection": "row",
          "justifyContent": "center",
          "paddingBottom": 20,
          "paddingHorizontal": 20,
          "paddingTop": 20,
        },
        Object {
          "backgroundColor": "#F5F5F5",
        },
      ]
    }
  >
    <View
      style={
        Object {
          "flex": 1,
        }
      }
    >
      <View
        accessible={true}
        focusable={true}
        isTVSelectable={true}
        onClick={[Function]}
        onResponderGrant={[Function]}
        onResponderMove={[Function]}
        onResponderRelease={[Function]}
        onResponderTerminate={[Function]}
        onResponderTerminationRequest={[Function]}
        onStartShouldSetResponder={[Function]}
        style={
          Object {
            "alignItems": "center",
            "backgroundColor": "#5DBAC0",
            "borderColor": "#5DBAC0",
            "borderRadius": 2,
            "borderWidth": 1,
            "flexDirection": "row",
            "height": 60,
            "justifyContent": "center",
            "margin": 4,
            "marginLeft": 0,
            "marginRight": 0,
            "opacity": 1,
            "padding": 4,
          }
        }
        testID="registerCreateButton"
      >
        <Text
          style={
            Object {
              "color": "white",
              "fontSize": 20,
              "fontWeight": "500",
            }
          }
        >
          Join Minds Now
        </Text>
        <Text
          style={
            Array [
              Object {
                "color": "#4690D6",
              },
              undefined,
            ]
          }
        >
           
          
           
        </Text>
      </View>
      <Text
        style={
          Array [
            Object {
              "fontFamily": "Roboto",
              "fontSize": 17,
              "fontWeight": "500",
              "lineHeight": 23,
            },
            Object {
              "color": "#939397",
            },
            Object {
              "alignContent": "center",
              "alignItems": "center",
              "alignSelf": "center",
              "justifyContent": "center",
            },
            Object {
              "marginTop": 10,
            },
          ]
        }
      >
        Already have an account? 
        <Text
          style={
            Array [
              Object {
                "color": "#0091FF",
                "fontSize": 15,
                "textDecorationLine": "underline",
              },
              Object {
                "fontSize": 16,
              },
            ]
          }
        >
          Login
        </Text>
        
      </Text>
    </View>
  </View>
</View>
`;
