// Jest Snapshot v1, https://goo.gl/fbAQLP

exports[`Explicit overlay component renders correctly 1`] = `
<TouchableOpacity
  activeOpacity={0.2}
  onPress={[Function]}
  style={
    Array [
      Object {
        "position": "absolute",
        "right": 0,
        "top": 0,
      },
    ]
  }
>
  <Icon
    allowFontScaling={false}
    color="red"
    name="explicit"
    size={32}
    style={
      Object {
        "elevation": 1,
        "shadowColor": "black",
        "shadowOffset": Object {
          "height": 0.5,
        },
        "shadowOpacity": 0.5,
        "shadowRadius": 0.5,
      }
    }
  />
</TouchableOpacity>
`;
