// Jest Snapshot v1, https://goo.gl/fbAQLP

exports[`referrals screen component should renders correctly 1`] = `
<View
  style={
    Array [
      Object {
        "flex": 1,
      },
      Object {
        "backgroundColor": "white",
      },
      Object {
        "padding": 5,
      },
    ]
  }
>
  <Text
    style={
      Array [
        Object {
          "fontFamily": "Roboto",
          "fontWeight": "bold",
          "marginTop": 8,
        },
        Object {
          "color": "#444",
          "padding": 4,
        },
      ]
    }
  >
    How does it work?
  </Text>
  <Text
    style={
      Array [
        Object {
          "fontSize": 12,
        },
        Object {
          "color": "#444",
          "padding": 4,
        },
      ]
    }
  >
    If your friends signs up for Minds within 24 hours of clicking the link you shared with them, they’ll be added to your pending referrals. Once they sign up for the rewards program by setting up their Minds wallet, the referral is complete and you’ll both get +50 added to your contribution scores!
  </Text>
  <ReferralsList />
  <View
    accessible={true}
    isTVSelectable={true}
    onResponderGrant={[Function]}
    onResponderMove={[Function]}
    onResponderRelease={[Function]}
    onResponderTerminate={[Function]}
    onResponderTerminationRequest={[Function]}
    onStartShouldSetResponder={[Function]}
    style={
      Array [
        Object {
          "margin": 7,
        },
        Object {
          "borderRadius": 36,
          "height": 68,
          "width": 68,
        },
        Object {
          "shadowColor": "rgba(0,0,0, .4)",
          "shadowOffset": Object {
            "height": 1,
            "width": 1,
          },
          "shadowOpacity": 1,
          "shadowRadius": 1,
        },
        Object {
          "alignItems": "center",
          "backgroundColor": "white",
          "justifyContent": "center",
        },
        Object {
          "backgroundColor": "#1aaa55",
          "bottom": 8,
          "height": 55,
          "position": "absolute",
          "right": 8,
          "width": 55,
          "zIndex": 1000,
        },
      ]
    }
  >
    <Text
      allowFontScaling={false}
      style={
        Array [
          Object {
            "color": "#fff",
            "fontSize": 32,
          },
          Array [
            Object {
              "backgroundColor": "transparent",
            },
            undefined,
          ],
          Object {
            "fontFamily": "Ionicons",
            "fontStyle": "normal",
            "fontWeight": "normal",
          },
          Object {},
        ]
      }
    >
      
    </Text>
  </View>
</View>
`;
